Microchip MPLAB XC8 Compiler V2.10 ()

Linker command line:

-W-3 --edf=/opt/microchip/xc8/v2.10/pic/dat/en_msgs.txt -cs \
  -h+dist/default/production/pwm.X.production.sym \
  --cmf=dist/default/production/pwm.X.production.cmf -z -Q16F877A \
  -o/tmp/xcX6SGp5h --defsym=__MPLAB_BUILD=1 \
  -Mdist/default/production/pwm.X.production.map -E1 -ver=XC8 --acfsm=1493 \
  -ASTACK=0110h-016Fh -pstack=STACK -ACODE=00h-07FFhx4 -ASTRCODE=00h-01FFFh \
  -ASTRING=00h-0FFhx32 -ACONST=00h-0FFhx32 -AENTRY=00h-0FFhx32 \
  -ACOMMON=070h-07Fh -ABANK0=020h-06Fh -ABANK1=0A0h-0EFh \
  -ABANK2=0110h-016Fh -ABANK3=0190h-01EFh \
  -ARAM=020h-06Fh,0A0h-0EFh,0110h-016Fh,0190h-01EFh \
  -AABS1=020h-07Fh,0A0h-0EFh,0110h-016Fh,0190h-01EFh -ASFR0=00h-01Fh \
  -ASFR1=080h-09Fh -ASFR2=0100h-010Fh -ASFR3=0180h-018Fh \
  -preset_vec=00h,intentry,init,end_init -ppowerup=CODE -pcinit=CODE \
  -pfunctab=ENTRY -ACONFIG=02007h-02007h -pconfig=CONFIG -DCONFIG=2 \
  -AIDLOC=02000h-02003h -pidloc=IDLOC -DIDLOC=2 -AEEDATA=00h-0FFh/02100h \
  -peeprom_data=EEDATA -DEEDATA=2 -DCODE=2 -DSTRCODE=2 -DSTRING=2 -DCONST=2 \
  -DENTRY=2 -k /tmp/xcXQG7ILX.o dist/default/production/pwm.X.production.o 

Object code version is 3.11

Machine type is 16F877A



                Name                               Link     Load   Length Selector   Space Scale
/tmp/xcXQG7ILX.o
                end_init                              0        0        3        0       0
                config                             2007     2007        1     400E       0
dist/default/production/pwm.X.production.o
                cinit                               7FC      7FC        4      FF8       0
                text2                               7B6      7B6       46      F6C       0
                text1                               751      751       2C      EA2       0
                maintext                            77D      77D       39      EFA       0
                cstackCOMMON                         70       70        B       70       1

TOTAL           Name                               Link     Load   Length     Space
        CLASS   STACK          

        CLASS   CODE           
                end_init                              0        0        3         0
                cinit                               7FC      7FC        4         0
                text2                               7B6      7B6       46         0
                text1                               751      751       2C         0
                maintext                            77D      77D       39         0

        CLASS   STRCODE        

        CLASS   STRING         

        CLASS   CONST          

        CLASS   ENTRY          

        CLASS   COMMON         
                cstackCOMMON                         70       70        B         1

        CLASS   BANK0          

        CLASS   BANK1          

        CLASS   BANK2          

        CLASS   BANK3          

        CLASS   RAM            

        CLASS   ABS1           
                abs_s1                               7E       7E        2         1

        CLASS   SFR0           

        CLASS   SFR1           

        CLASS   SFR2           

        CLASS   SFR3           

        CLASS   CONFIG         
                config                             2007     2007        1         0

        CLASS   IDLOC          

        CLASS   EEDATA         



SEGMENTS        Name                           Load    Length   Top    Selector   Space  Class     Delta

                reset_vec                      000000  000003  000003         0       0  CODE        2
                cstackCOMMON                   000070  00000B  00007B        70       1  COMMON      1
                text1                          000751  00002C  00077D       EA2       0  CODE        2
                maintext                       00077D  000039  0007B6       EFA       0  CODE        2
                text2                          0007B6  000046  0007FC       F6C       0  CODE        2
                cinit                          0007FC  000004  000800       FF8       0  CODE        2
                config                         002007  000001  002008      400E       0  CONFIG      2


UNUSED ADDRESS RANGES

        Name                Unused          Largest block    Delta
        BANK0            0020-006F             50           1
        BANK1            00A0-00EF             50           1
        BANK2            0110-016F             60           1
        BANK3            0190-01EF             60           1
        CODE             0003-0750            74E           2
                         0800-1FFF            800
        COMMON           007B-007D              3           1
        CONST            0003-0750            100           2
                         0800-1FFF            100
        EEDATA           2100-21FF            100           2
        ENTRY            0003-0750            100           2
                         0800-1FFF            100
        IDLOC            2000-2003              4           2
        RAM              0020-006F             50           1
                         00A0-00EF             50
                         0110-016F             60
                         0190-01EF             60
        SFR0             0000-001F             20           1
        SFR1             0080-009F             20           1
        SFR2             0100-010F             10           1
        SFR3             0180-018F             10           1
        STACK            0110-016F             60           1
        STRCODE          0003-0750            74E           2
                         0800-1FFF           1800
        STRING           0003-0750            100           2
                         0800-1FFF            100

                                  Symbol Table

_CCP2CON                                                 (abs)        001D
_CCP2X                                                   (abs)        00ED
_CCP2Y                                                   (abs)        00EC
_CCPR2L                                                  (abs)        001B
_OPTION_REG                                              (abs)        0081
_PORTBbits                                               (abs)        0006
_PORTC                                                   (abs)        0007
_PR2                                                     (abs)        0092
_RB4                                                     (abs)        0034
_T2CKPS0                                                 (abs)        0090
_T2CKPS1                                                 (abs)        0091
_T2CON                                                   (abs)        0012
_TRISC                                                   (abs)        0087
__CFG_BOREN$                                             (abs)        0001
__CFG_CP$                                                (abs)        0001
__CFG_CPD$                                               (abs)        0001
__CFG_DEBUG$                                             (abs)        0001
__CFG_FOSC$HS                                            (abs)        0000
__CFG_LVP$                                               (abs)        0000
__CFG_PWRTE$OFF                                          (abs)        0000
__CFG_WDTE$OFF                                           (abs)        0000
__CFG_WRT$OFF                                            (abs)        0000
__Habs1                                                  abs1         0000
__Hbank0                                                 bank0        0000
__Hbank1                                                 bank1        0000
__Hbank2                                                 bank2        0000
__Hbank3                                                 bank3        0000
__Hcinit                                                 cinit        0800
__Hclrtext                                               clrtext      0000
__Hcode                                                  code         0000
__Hcommon                                                common       0000
__Hconfig                                                config       2008
__HcstackCOMMON                                          cstackCOMMON 0000
__Heeprom_data                                           eeprom_data  0000
__Hend_init                                              end_init     0003
__Hfunctab                                               functab      0000
__Hidloc                                                 idloc        0000
__Hinit                                                  init         0000
__Hintentry                                              intentry     0000
__Hmaintext                                              maintext     0000
__Hpowerup                                               powerup      0000
__Hram                                                   ram          0000
__Hreset_vec                                             reset_vec    0000
__Hsfr0                                                  sfr0         0000
__Hsfr1                                                  sfr1         0000
__Hsfr2                                                  sfr2         0000
__Hsfr3                                                  sfr3         0000
__Hspace_0                                               (abs)        2008
__Hspace_1                                               (abs)        007B
__Hspace_2                                               (abs)        0000
__Hspace_3                                               (abs)        0000
__Hstack                                                 stack        0000
__Hstrings                                               strings      0000
__Htext                                                  text         0000
__Labs1                                                  abs1         0000
__Lbank0                                                 bank0        0000
__Lbank1                                                 bank1        0000
__Lbank2                                                 bank2        0000
__Lbank3                                                 bank3        0000
__Lcinit                                                 cinit        07FC
__Lclrtext                                               clrtext      0000
__Lcode                                                  code         0000
__Lcommon                                                common       0000
__Lconfig                                                config       2007
__LcstackCOMMON                                          cstackCOMMON 0000
__Leeprom_data                                           eeprom_data  0000
__Lend_init                                              end_init     0000
__Lfunctab                                               functab      0000
__Lidloc                                                 idloc        0000
__Linit                                                  init         0000
__Lintentry                                              intentry     0000
__Lmaintext                                              maintext     0000
__Lpowerup                                               powerup      0000
__Lram                                                   ram          0000
__Lreset_vec                                             reset_vec    0000
__Lsfr0                                                  sfr0         0000
__Lsfr1                                                  sfr1         0000
__Lsfr2                                                  sfr2         0000
__Lsfr3                                                  sfr3         0000
__Lspace_0                                               (abs)        0000
__Lspace_1                                               (abs)        0000
__Lspace_2                                               (abs)        0000
__Lspace_3                                               (abs)        0000
__Lstack                                                 stack        0000
__Lstrings                                               strings      0000
__Ltext                                                  text         0000
__S0                                                     (abs)        2008
__S1                                                     (abs)        007B
__S2                                                     (abs)        0000
__S3                                                     (abs)        0000
___int_sp                                                stack        0000
___latbits                                               (abs)        0002
___sp                                                    stack        0000
___stackhi                                               (abs)        0000
___stacklo                                               (abs)        0000
__end_of__initialization                                 cinit        07FC
__end_of_main                                            maintext     07B6
__end_of_set_PWM2                                        text2        07FC
__end_of_waiting_for_blue_button_pressing_releasing      text1        077D
__initialization                                         cinit        07FC
__pcstackCOMMON                                          cstackCOMMON 0070
__pmaintext                                              maintext     077D
__ptext1                                                 text1        0751
__ptext2                                                 text2        07B6
__size_of_main                                           (abs)        0000
__size_of_set_PWM2                                       (abs)        0000
__size_of_waiting_for_blue_button_pressing_releasing     (abs)        0000
_main                                                    maintext     077D
_set_PWM2                                                text2        07B6
_waiting_for_blue_button_pressing_releasing              text1        0751
btemp                                                    (abs)        007E
end_of_initialization                                    cinit        07FC
intlevel0                                                functab      0000
intlevel1                                                functab      0000
intlevel2                                                functab      0000
intlevel3                                                functab      0000
intlevel4                                                functab      0000
intlevel5                                                functab      0000
main@value_for_PR2_main                                  cstackCOMMON 0079
main@value_for_duty_main                                 cstackCOMMON 0077
main@value_for_prescale_main                             cstackCOMMON 007A
reset_vec                                                reset_vec    0000
set_PWM2@value_for_PR2                                   cstackCOMMON 0075
set_PWM2@value_for_duty                                  cstackCOMMON 0070
set_PWM2@value_of_prescale                               cstackCOMMON 0072
start                                                    init         0000
start_initialization                                     cinit        07FC
waiting_for_blue_button_pressing_releasing@local_integer cstackCOMMON 0071
wtemp0                                                   (abs)        007E


FUNCTION INFORMATION:

 *************** function _main *****************
 Defined at:
		line 101 in file "newmain.c"
 Parameters:    Size  Location     Type
		None
 Auto vars:     Size  Location     Type
  value_for_du    2    7[COMMON] unsigned int 
  value_for_pr    1   10[COMMON] unsigned char 
  value_for_PR    1    9[COMMON] unsigned char 
 Return value:  Size  Location     Type
                  1    wreg      void 
 Registers used:
		wreg, fsr0l, fsr0h, status,2, status,0, pclath, cstack
 Tracked objects:
		On entry : 
		On exit  : 
		Unchanged: 
 Data sizes:     COMMON   BANK0   BANK1   BANK3   BANK2
      Params:         0       0       0       0       0
      Locals:         4       0       0       0       0
      Temps:          1       0       0       0       0
      Totals:         5       0       0       0       0
Total ram usage:        5 bytes
 Hardware stack levels required when called:    1
 This function calls:
		_set_PWM2
		_waiting_for_blue_button_pressing_releasing
 This function is called by:
		Startup code after reset
 This function uses a non-reentrant model


 *************** function _waiting_for_blue_button_pressing_releasing *****************
 Defined at:
		line 27 in file "newmain.c"
 Parameters:    Size  Location     Type
		None
 Auto vars:     Size  Location     Type
  local_intege    2    1[COMMON] unsigned int 
 Return value:  Size  Location     Type
                  1    wreg      void 
 Registers used:
		wreg, status,2, status,0
 Tracked objects:
		On entry : 
		On exit  : 
		Unchanged: 
 Data sizes:     COMMON   BANK0   BANK1   BANK3   BANK2
      Params:         0       0       0       0       0
      Locals:         2       0       0       0       0
      Temps:          1       0       0       0       0
      Totals:         3       0       0       0       0
Total ram usage:        3 bytes
 Hardware stack levels used:    1
 This function calls:
		Nothing
 This function is called by:
		_main
 This function uses a non-reentrant model


 *************** function _set_PWM2 *****************
 Defined at:
		line 51 in file "newmain.c"
 Parameters:    Size  Location     Type
  value_for_PR    1    wreg     unsigned char 
  value_for_du    2    0[COMMON] unsigned int 
  value_of_pre    1    2[COMMON] unsigned char 
 Auto vars:     Size  Location     Type
  value_for_PR    1    5[COMMON] unsigned char 
 Return value:  Size  Location     Type
                  1    wreg      void 
 Registers used:
		wreg, fsr0l, fsr0h, status,2, status,0
 Tracked objects:
		On entry : 
		On exit  : 
		Unchanged: 
 Data sizes:     COMMON   BANK0   BANK1   BANK3   BANK2
      Params:         3       0       0       0       0
      Locals:         1       0       0       0       0
      Temps:          2       0       0       0       0
      Totals:         6       0       0       0       0
Total ram usage:        6 bytes
 Hardware stack levels used:    1
 This function calls:
		Nothing
 This function is called by:
		_main
 This function uses a non-reentrant model



MODULE INFORMATION

Module		Function		Class		Link	Load	Size
newmain.c
		_set_PWM2      		CODE           	07B6	0000	71
		_main          		CODE           	077D	0000	58
		_waiting_for_blue_button_pressing_releasing		CODE           	0751	0000	45

newmain.c estimated size: 174

shared
		__initialization		CODE           	07FC	0000	1

shared estimated size: 1

