Microchip MPLAB XC8 Compiler V2.10 ()

Linker command line:

-W-3 --edf=/opt/microchip/xc8/v2.10/pic/dat/en_msgs.txt -cs \
  -h+dist/default/debug/zweishit.X.debug.sym \
  --cmf=dist/default/debug/zweishit.X.debug.cmf -z -Q16F877A \
  -o/tmp/xcXNsU52F --defsym=__MPLAB_BUILD=1 \
  -Mdist/default/debug/zweishit.X.debug.map -E1 -ver=XC8 --acfsm=1493 \
  -ASTACK=0110h-016Fh -pstack=STACK -ACODE=00h-07FFhx4 -ASTRCODE=00h-01FFFh \
  -ASTRING=00h-0FFhx32 -ACONST=00h-0FFhx32 -AENTRY=00h-0FFhx32 \
  -ACOMMON=070h-07Fh -ABANK0=020h-06Fh -ABANK1=0A0h-0EFh \
  -ABANK2=0110h-016Fh -ABANK3=0190h-01EFh \
  -ARAM=020h-06Fh,0A0h-0EFh,0110h-016Fh,0190h-01EFh \
  -AABS1=020h-07Fh,0A0h-0EFh,0110h-016Fh,0190h-01EFh -ASFR0=00h-01Fh \
  -ASFR1=080h-09Fh -ASFR2=0100h-010Fh -ASFR3=0180h-018Fh \
  -preset_vec=00h,intentry,init,end_init -ppowerup=CODE -pcinit=CODE \
  -pfunctab=ENTRY -ACONFIG=02007h-02007h -pconfig=CONFIG -DCONFIG=2 \
  -AIDLOC=02000h-02003h -pidloc=IDLOC -DIDLOC=2 -AEEDATA=00h-0FFh/02100h \
  -peeprom_data=EEDATA -DEEDATA=2 -DCODE=2 -DSTRCODE=2 -DSTRING=2 -DCONST=2 \
  -DENTRY=2 -k /tmp/xcXlYsfNt.o dist/default/debug/zweishit.X.debug.o 

Object code version is 3.11

Machine type is 16F877A



                Name                               Link     Load   Length Selector   Space Scale
/tmp/xcXlYsfNt.o
                end_init                              0        0        3        0       0
                config                             2007     2007        1     400E       0
dist/default/debug/zweishit.X.debug.o
                cinit                               7F8      7F8        8      FF0       0
                text6                               6A9      6A9       23      D52       0
                text5                               685      685        A      D0A       0
                text4                               699      699       10      D32       0
                text3                               68F      68F        A      D1E       0
                text2                               6CC      6CC       29      D98       0
                text1                               6F5      6F5       29      DEA       0
                maintext                            71E      71E       DA      E3C       0
                cstackCOMMON                         70       70        D       70       1
                bssBANK0                             24       24        2       20       1
                nvBANK0                              20       20        4       20       1

TOTAL           Name                               Link     Load   Length     Space
        CLASS   STACK          

        CLASS   CODE           
                end_init                              0        0        3         0
                cinit                               7F8      7F8        8         0
                text6                               6A9      6A9       23         0
                text5                               685      685        A         0
                text4                               699      699       10         0
                text3                               68F      68F        A         0
                text2                               6CC      6CC       29         0
                text1                               6F5      6F5       29         0
                maintext                            71E      71E       DA         0

        CLASS   STRCODE        

        CLASS   STRING         

        CLASS   CONST          

        CLASS   ENTRY          

        CLASS   COMMON         
                cstackCOMMON                         70       70        D         1

        CLASS   BANK0          
                bssBANK0                             24       24        2         1
                nvBANK0                              20       20        4         1

        CLASS   BANK1          

        CLASS   BANK2          

        CLASS   BANK3          

        CLASS   RAM            

        CLASS   ABS1           
                abs_s1                               7E       7E        2         1

        CLASS   SFR0           

        CLASS   SFR1           

        CLASS   SFR2           

        CLASS   SFR3           

        CLASS   CONFIG         
                config                             2007     2007        1         0

        CLASS   IDLOC          

        CLASS   EEDATA         



SEGMENTS        Name                           Load    Length   Top    Selector   Space  Class     Delta

                reset_vec                      000000  000003  000003         0       0  CODE        2
                nvBANK0                        000020  000006  000026        20       1  BANK0       1
                cstackCOMMON                   000070  00000D  00007D        70       1  COMMON      1
                text5                          000685  00000A  00068F       D0A       0  CODE        2
                text3                          00068F  00000A  000699       D1E       0  CODE        2
                text4                          000699  000010  0006A9       D32       0  CODE        2
                text6                          0006A9  000023  0006CC       D52       0  CODE        2
                text2                          0006CC  000029  0006F5       D98       0  CODE        2
                text1                          0006F5  000029  00071E       DEA       0  CODE        2
                maintext                       00071E  0000DA  0007F8       E3C       0  CODE        2
                cinit                          0007F8  000008  000800       FF0       0  CODE        2
                config                         002007  000001  002008      400E       0  CONFIG      2


UNUSED ADDRESS RANGES

        Name                Unused          Largest block    Delta
        BANK0            0026-006F             4A           1
        BANK1            00A0-00EF             50           1
        BANK2            0110-016F             60           1
        BANK3            0190-01EF             60           1
        CODE             0003-0684            682           2
                         0800-1FFF            800
        COMMON           007D-007D              1           1
        CONST            0003-0684            100           2
                         0800-1FFF            100
        EEDATA           2100-21FF            100           2
        ENTRY            0003-0684            100           2
                         0800-1FFF            100
        IDLOC            2000-2003              4           2
        RAM              0026-006F             4A           1
                         00A0-00EF             50
                         0110-016F             60
                         0190-01EF             60
        SFR0             0000-001F             20           1
        SFR1             0080-009F             20           1
        SFR2             0100-010F             10           1
        SFR3             0180-018F             10           1
        STACK            0110-016F             60           1
        STRCODE          0003-0684            682           2
                         0800-1FFF           1800
        STRING           0003-0684            100           2
                         0800-1FFF            100

                                  Symbol Table

_CCP2CON                 (abs)        001D
_OPTION_REG              (abs)        0081
_PORTB                   (abs)        0006
_PORTBbits               (abs)        0006
_PORTC                   (abs)        0007
_RB4                     (abs)        0034
_T2CON                   (abs)        0012
_TRISB                   (abs)        0086
_TRISC                   (abs)        0087
__CFG_BOREN$             (abs)        0001
__CFG_CP$                (abs)        0001
__CFG_CPD$               (abs)        0001
__CFG_DEBUG$             (abs)        0001
__CFG_FOSC$HS            (abs)        0000
__CFG_LVP$               (abs)        0000
__CFG_PWRTE$OFF          (abs)        0000
__CFG_WDTE$OFF           (abs)        0000
__CFG_WRT$OFF            (abs)        0000
__Habs1                  abs1         0000
__Hbank0                 bank0        0000
__Hbank1                 bank1        0000
__Hbank2                 bank2        0000
__Hbank3                 bank3        0000
__HbssBANK0              bssBANK0     0000
__Hcinit                 cinit        0800
__Hclrtext               clrtext      0000
__Hcode                  code         0000
__Hcommon                common       0000
__Hconfig                config       2008
__HcstackCOMMON          cstackCOMMON 0000
__Heeprom_data           eeprom_data  0000
__Hend_init              end_init     0003
__Hfunctab               functab      0000
__Hidloc                 idloc        0000
__Hinit                  init         0000
__Hintentry              intentry     0000
__Hmaintext              maintext     0000
__HnvBANK0               nvBANK0      0000
__Hpowerup               powerup      0000
__Hram                   ram          0000
__Hreset_vec             reset_vec    0000
__Hsfr0                  sfr0         0000
__Hsfr1                  sfr1         0000
__Hsfr2                  sfr2         0000
__Hsfr3                  sfr3         0000
__Hspace_0               (abs)        2008
__Hspace_1               (abs)        007D
__Hspace_2               (abs)        0000
__Hspace_3               (abs)        0000
__Hstack                 stack        0000
__Hstrings               strings      0000
__Htext                  text         0000
__Labs1                  abs1         0000
__Lbank0                 bank0        0000
__Lbank1                 bank1        0000
__Lbank2                 bank2        0000
__Lbank3                 bank3        0000
__LbssBANK0              bssBANK0     0000
__Lcinit                 cinit        07F8
__Lclrtext               clrtext      0000
__Lcode                  code         0000
__Lcommon                common       0000
__Lconfig                config       2007
__LcstackCOMMON          cstackCOMMON 0000
__Leeprom_data           eeprom_data  0000
__Lend_init              end_init     0000
__Lfunctab               functab      0000
__Lidloc                 idloc        0000
__Linit                  init         0000
__Lintentry              intentry     0000
__Lmaintext              maintext     0000
__LnvBANK0               nvBANK0      0000
__Lpowerup               powerup      0000
__Lram                   ram          0000
__Lreset_vec             reset_vec    0000
__Lsfr0                  sfr0         0000
__Lsfr1                  sfr1         0000
__Lsfr2                  sfr2         0000
__Lsfr3                  sfr3         0000
__Lspace_0               (abs)        0000
__Lspace_1               (abs)        0000
__Lspace_2               (abs)        0000
__Lspace_3               (abs)        0000
__Lstack                 stack        0000
__Lstrings               strings      0000
__Ltext                  text         0000
__S0                     (abs)        2008
__S1                     (abs)        007D
__S2                     (abs)        0000
__S3                     (abs)        0000
___int_sp                stack        0000
___latbits               (abs)        0002
___sp                    stack        0000
___stackhi               (abs)        0000
___stacklo               (abs)        0000
__end_of__initialization cinit        07FC
__end_of_btn_check       text6        06CC
__end_of_data_down       text5        068F
__end_of_data_up         text3        0699
__end_of_end             text4        06A9
__end_of_main            maintext     07F8
__end_of_num1            text2        06F5
__end_of_num9            text1        071E
__initialization         cinit        07F8
__pbssBANK0              bssBANK0     0024
__pcstackCOMMON          cstackCOMMON 0070
__pmaintext              maintext     071E
__pnvBANK0               nvBANK0      0020
__ptext1                 text1        06F5
__ptext2                 text2        06CC
__ptext3                 text3        068F
__ptext4                 text4        0699
__ptext5                 text5        0685
__ptext6                 text6        06A9
__size_of_btn_check      (abs)        0000
__size_of_data_down      (abs)        0000
__size_of_data_up        (abs)        0000
__size_of_end            (abs)        0000
__size_of_main           (abs)        0000
__size_of_num1           (abs)        0000
__size_of_num9           (abs)        0000
_btn_check               text6        06A9
_data_down               text5        0685
_data_up                 text3        068F
_end                     text4        0699
_flag                    bssBANK0     0024
_iter                    nvBANK0      0020
_main                    maintext     071E
_num1                    text2        06CC
_num9                    text1        06F5
_time                    nvBANK0      0022
btemp                    (abs)        007E
end_of_initialization    cinit        07FC
intlevel0                functab      0000
intlevel1                functab      0000
intlevel2                functab      0000
intlevel3                functab      0000
intlevel4                functab      0000
intlevel5                functab      0000
main@i                   cstackCOMMON 0079
main@i_85                cstackCOMMON 0077
main@i_86                cstackCOMMON 007B
main@j                   cstackCOMMON 0073
reset_vec                reset_vec    0000
start                    init         0000
start_initialization     cinit        07F8
wtemp0                   (abs)        007E


FUNCTION INFORMATION:

 *************** function _main *****************
 Defined at:
		line 118 in file "mainZS.c"
 Parameters:    Size  Location     Type
		None
 Auto vars:     Size  Location     Type
  j               2    3[COMMON] int 
  i               2   11[COMMON] int 
  i               2    7[COMMON] int 
  i               2    9[COMMON] int 
  value_for_du    2    0        unsigned int 
  value_for_pr    1    0        unsigned char 
  value_for_PR    1    0        unsigned char 
 Return value:  Size  Location     Type
                  1    wreg      void 
 Registers used:
		wreg, status,2, status,0, btemp+1, pclath, cstack
 Tracked objects:
		On entry : 
		On exit  : 
		Unchanged: 
 Data sizes:     COMMON   BANK0   BANK1   BANK3   BANK2
      Params:         0       0       0       0       0
      Locals:        12       0       0       0       0
      Temps:          1       0       0       0       0
      Totals:        13       0       0       0       0
Total ram usage:       13 bytes
 Hardware stack levels required when called:    2
 This function calls:
		_btn_check
		_data_down
		_data_up
		_end
		_num1
		_num9
 This function is called by:
		Startup code after reset
 This function uses a non-reentrant model


 *************** function _num9 *****************
 Defined at:
		line 87 in file "mainZS.c"
 Parameters:    Size  Location     Type
		None
 Auto vars:     Size  Location     Type
		None
 Return value:  Size  Location     Type
                  1    wreg      void 
 Registers used:
		status,2, status,0, pclath, cstack
 Tracked objects:
		On entry : 
		On exit  : 
		Unchanged: 
 Data sizes:     COMMON   BANK0   BANK1   BANK3   BANK2
      Params:         0       0       0       0       0
      Locals:         0       0       0       0       0
      Temps:          0       0       0       0       0
      Totals:         0       0       0       0       0
Total ram usage:        0 bytes
 Hardware stack levels used:    1
 Hardware stack levels required when called:    1
 This function calls:
		_data_down
		_data_up
 This function is called by:
		_main
 This function uses a non-reentrant model


 *************** function _num1 *****************
 Defined at:
		line 98 in file "mainZS.c"
 Parameters:    Size  Location     Type
		None
 Auto vars:     Size  Location     Type
		None
 Return value:  Size  Location     Type
                  1    wreg      void 
 Registers used:
		status,2, status,0, pclath, cstack
 Tracked objects:
		On entry : 
		On exit  : 
		Unchanged: 
 Data sizes:     COMMON   BANK0   BANK1   BANK3   BANK2
      Params:         0       0       0       0       0
      Locals:         0       0       0       0       0
      Temps:          0       0       0       0       0
      Totals:         0       0       0       0       0
Total ram usage:        0 bytes
 Hardware stack levels used:    1
 Hardware stack levels required when called:    1
 This function calls:
		_data_down
		_data_up
 This function is called by:
		_main
 This function uses a non-reentrant model


 *************** function _data_up *****************
 Defined at:
		line 72 in file "mainZS.c"
 Parameters:    Size  Location     Type
		None
 Auto vars:     Size  Location     Type
		None
 Return value:  Size  Location     Type
                  1    wreg      void 
 Registers used:
		None
 Tracked objects:
		On entry : 
		On exit  : 
		Unchanged: 
 Data sizes:     COMMON   BANK0   BANK1   BANK3   BANK2
      Params:         0       0       0       0       0
      Locals:         0       0       0       0       0
      Temps:          0       0       0       0       0
      Totals:         0       0       0       0       0
Total ram usage:        0 bytes
 Hardware stack levels used:    1
 This function calls:
		Nothing
 This function is called by:
		_num9
		_num1
		_main
 This function uses a non-reentrant model


 *************** function _end *****************
 Defined at:
		line 111 in file "mainZS.c"
 Parameters:    Size  Location     Type
		None
 Auto vars:     Size  Location     Type
		None
 Return value:  Size  Location     Type
                  1    wreg      void 
 Registers used:
		status,2, status,0, pclath, cstack
 Tracked objects:
		On entry : 
		On exit  : 
		Unchanged: 
 Data sizes:     COMMON   BANK0   BANK1   BANK3   BANK2
      Params:         0       0       0       0       0
      Locals:         0       0       0       0       0
      Temps:          0       0       0       0       0
      Totals:         0       0       0       0       0
Total ram usage:        0 bytes
 Hardware stack levels used:    1
 Hardware stack levels required when called:    1
 This function calls:
		_data_down
 This function is called by:
		_main
 This function uses a non-reentrant model


 *************** function _data_down *****************
 Defined at:
		line 80 in file "mainZS.c"
 Parameters:    Size  Location     Type
		None
 Auto vars:     Size  Location     Type
		None
 Return value:  Size  Location     Type
                  1    wreg      void 
 Registers used:
		None
 Tracked objects:
		On entry : 
		On exit  : 
		Unchanged: 
 Data sizes:     COMMON   BANK0   BANK1   BANK3   BANK2
      Params:         0       0       0       0       0
      Locals:         0       0       0       0       0
      Temps:          0       0       0       0       0
      Totals:         0       0       0       0       0
Total ram usage:        0 bytes
 Hardware stack levels used:    1
 This function calls:
		Nothing
 This function is called by:
		_num9
		_num1
		_end
		_main
 This function uses a non-reentrant model


 *************** function _btn_check *****************
 Defined at:
		line 62 in file "mainZS.c"
 Parameters:    Size  Location     Type
		None
 Auto vars:     Size  Location     Type
		None
 Return value:  Size  Location     Type
                  1    wreg      void 
 Registers used:
		wreg, status,2, status,0
 Tracked objects:
		On entry : 
		On exit  : 
		Unchanged: 
 Data sizes:     COMMON   BANK0   BANK1   BANK3   BANK2
      Params:         0       0       0       0       0
      Locals:         0       0       0       0       0
      Temps:          0       0       0       0       0
      Totals:         0       0       0       0       0
Total ram usage:        0 bytes
 Hardware stack levels used:    1
 This function calls:
		Nothing
 This function is called by:
		_main
 This function uses a non-reentrant model



MODULE INFORMATION

Module		Function		Class		Link	Load	Size
mainZS.c
		_data_up       		CODE           	068F	0000	11
		_main          		CODE           	071E	0000	219
		_num9          		CODE           	06F5	0000	42
		_num1          		CODE           	06CC	0000	42
		_data_down     		CODE           	0685	0000	11
		_btn_check     		CODE           	06A9	0000	36
		_end           		CODE           	0699	0000	17

mainZS.c estimated size: 378

shared
		__initialization		CODE           	07F8	0000	5

shared estimated size: 5

